20260827131923202608271331492026082713335520260827133409
20260827133410
20260827134125
20260827135909
